// Jest Snapshot v1, https://goo.gl/fbAQLP

exports[`should create lambda function with correct properties 1`] = `
{
  "Resources": {
    "MyEcommerceLambda1AC01721": {
      "DependsOn": [
        "MyEcommerceLambdaServiceRoleDefaultPolicy13D9A0C6",
        "MyEcommerceLambdaServiceRole809E1CF8",
      ],
      "Properties": {
        "Code": {
          "S3Bucket": {
            "Fn::Sub": "cdk-hnb659fds-assets-\${AWS::AccountId}-\${AWS::Region}",
          },
          "S3Key": "1ebc9d3ac2033816c4abb63e4afd69d350b4aba8704cc9236b82ea520b74f4b0.zip",
        },
        "Environment": {
          "Variables": {
            "STAGE": "testStage",
          },
        },
        "FunctionName": "my-ecommerce-lambda-testStage",
        "Handler": "",
        "MemorySize": 128,
        "Role": {
          "Fn::GetAtt": [
            "MyEcommerceLambdaServiceRole809E1CF8",
            "Arn",
          ],
        },
        "Runtime": "java17",
        "Timeout": 30,
        "TracingConfig": {
          "Mode": "Active",
        },
      },
      "Type": "AWS::Lambda::Function",
    },
    "MyEcommerceLambdaServiceRole809E1CF8": {
      "Properties": {
        "AssumeRolePolicyDocument": {
          "Statement": [
            {
              "Action": "sts:AssumeRole",
              "Effect": "Allow",
              "Principal": {
                "Service": "lambda.amazonaws.com",
              },
            },
          ],
          "Version": "2012-10-17",
        },
        "ManagedPolicyArns": [
          {
            "Fn::Join": [
              "",
              [
                "arn:",
                {
                  "Ref": "AWS::Partition",
                },
                ":iam::aws:policy/service-role/AWSLambdaBasicExecutionRole",
              ],
            ],
          },
        ],
      },
      "Type": "AWS::IAM::Role",
    },
    "MyEcommerceLambdaServiceRoleDefaultPolicy13D9A0C6": {
      "Properties": {
        "PolicyDocument": {
          "Statement": [
            {
              "Action": [
                "xray:PutTraceSegments",
                "xray:PutTelemetryRecords",
              ],
              "Effect": "Allow",
              "Resource": "*",
            },
          ],
          "Version": "2012-10-17",
        },
        "PolicyName": "MyEcommerceLambdaServiceRoleDefaultPolicy13D9A0C6",
        "Roles": [
          {
            "Ref": "MyEcommerceLambdaServiceRole809E1CF8",
          },
        ],
      },
      "Type": "AWS::IAM::Policy",
    },
  },
}
`;
